21:23:54 **** Auto Build of configuration Debug for project mult ****
make pre-build main-build 
a9-linaro-pre-build-step
 
Building file: ../src/helloworld.c
Invoking: ARM v7 gcc compiler
arm-none-eabi-gcc -Wall -O0 -g3 -c -fmessage-length=0 -MT"src/helloworld.o" -mcpu=cortex-a9 -mfpu=vfpv3 -mfloat-abi=hard -I../../mult_bsp/ps7_cortexa9_0/include -MMD -MP -MF"src/helloworld.d" -MT"src/helloworld.o" -o "src/helloworld.o" "../src/helloworld.c"
Finished building: ../src/helloworld.c
 
Building target: mult.elf
Invoking: ARM v7 gcc linker
arm-none-eabi-gcc -mcpu=cortex-a9 -mfpu=vfpv3 -mfloat-abi=hard -Wl,-build-id=none -specs=Xilinx.spec -Wl,-T -Wl,../src/lscript.ld -L../../mult_bsp/ps7_cortexa9_0/lib -o "mult.elf"  ./src/helloworld.o ./src/platform.o   -Wl,--start-group,-lxil,-lgcc,-lc,--end-group
Finished building target: mult.elf
 
Invoking: ARM v7 Print Size
arm-none-eabi-size mult.elf  |tee "mult.elf.size"
   text	   data	    bss	    dec	    hex	filename
 120500	   2580	  23328	 146408	  23be8	mult.elf
Finished building: mult.elf.size
 

21:23:56 Build Finished (took 1s.467ms)

